
> ideons-job-hunter@0.1.0 build
> next build

▲ Next.js 16.3.5 (Turbopack)
- Environments: .env
✓ Running next.config.ts took 70ms

  Creating an optimized production build ...
✓ Compiled successfully in 3.5s
  Running TypeScript ...
  Finished TypeScript in 19.4s ...
  Collecting page data using 3 workers ...
  Generating static pages using 3 workers (0/4) ...
  Generating static pages using 3 workers (1/4) 
  Generating static pages using 3 workers (2/4) 
  Generating static pages using 3 workers (3/4) 
✓ Generating static pages using 3 workers (4/4) in 485ms
  Finalizing page optimization ...

Route (app)
┌ ƒ /
├ ƒ /_not-found
├ ƒ /api/auth/[...all]
├ ƒ /companies
├ ƒ /companies/[slug]
├ ƒ /jobs
├ ƒ /jobs/[slug]
├ ƒ /jobs/new
├ ƒ /login
├ ƒ /my-postings
└ ƒ /register


ƒ  (Dynamic)  server-rendered on demand

